// Jest Snapshot v1, https://goo.gl/fbAQLP

exports[`Testing al cliente Es Claudio 1`] = `
Object {
  "balance": 500,
  "nombre": "Claudio 2",
  "tipo": "Premium",
}
`;
